mysql> create database  Zenit;
Query OK, 1 row affected (0.03 sec)

mysql> use database Zenit;
ERROR 1049 (42000): Unknown database 'database'
mysql> use Zenit;
Database changed
mysql> create table Empresa
    -> (idEmpresa int primary key auto_increment ,
    -> nomeEmpresa varchar(45) ,
    -> CNPJ char(14) ,
    -> contatoEmpresa varchar(45));
Query OK, 0 rows affected (0.06 sec)

mysql> create table Endereço (
    -> idEndereco int primary key auto_increment ,
    -> Rua varchar(45) ,
    -> Bairro varchar(45) ,
    -> cidade varchar(45) ,
    -> CEP varchar(45),
    -> numero varchar (45),
    -> fkEmpresa int ,
    -> foreign key (fkEmpresa) references Empresa (idEmpresa));
Query OK, 0 rows affected (0.04 sec)

mysql> create table Transformadores (
    -> idTransformadores int primary key auto_increment ,
    -> tamanhoTransformadores varchar(45) ,
    -> taxaTransferencia varchar(45) ,
    -> fkEmpresa int ,
    -> foreign key (fkEmpresa) references Empresa (idEmpresa));
Query OK, 0 rows affected (0.04 sec)

mysql> create table Sensores (
    -> idSensores int primary key auto_increment,
    -> tipoSensor varchar(45),
    -> fkTransformador int ,
    -> foreign key (fkTransformador) references Transformadores (idTransformadores));
Query OK, 0 rows affected (0.04 sec)

mysql> create table Dados (
    -> idDados int primary key auto_increment ,
    -> dataHoraDados datetime ,
    -> valorDados Decimal(5,2) ,
    -> fkSensor int ,
    -> foreign key (fkSensor) references Sensores (idSensores));

Query OK, 0 rows affected (0.04 sec)

mysql> create table Usuario (
    -> idUsuario int primary key auto_increment ,
    -> nomeUsuario varchar(45) ,
    -> senhaUsuario varchar(45) ,
    -> emailUsuario varchar(45) ,
    -> fkEmpresa int ,
    -> foreign key (fkEmpresa) references Empresa (idEmpresa));
Query OK, 0 rows affected (0.03 sec)

mysql> show tables;
+-----------------+
| Tables_in_zenit |
+-----------------+
| dados           |
| empresa         |
| endereço        |
| sensores        |
| transformadores |
| usuario         |
+-----------------+
6 rows in set (0.01 sec)

mysql>
